STK_program.c:65:5:STK_u32ConfigInterval	24	static
STK_program.c:86:6:STK_voidInit	4	static
STK_program.c:91:6:STK_voidSetBusyWait	24	static
STK_program.c:110:6:STK_voidStopSystick	4	static
STK_program.c:114:6:STK_voidStartSystick	4	static
STK_program.c:118:6:STK_voidSetBusyWait_MS	24	static
STK_program.c:136:6:STK_voidSetBusyWait_US	24	static
STK_program.c:154:6:STK_voidSetIntervalSingle	16	static
STK_program.c:174:6:STK_voidSetIntervalSingle_MS	24	static
STK_program.c:191:6:STK_voidSetIntervalSingle_US	24	static
STK_program.c:208:6:STK_voidSetIntervalPeriodic	16	static
STK_program.c:227:6:STK_voidSetIntervalPeriodic_MS	24	static
STK_program.c:243:6:STK_voidSetIntervalPeriodic_US	24	static
STK_program.c:259:5:STK_u32GetElapsedTicks	16	static
STK_program.c:265:7:STK_u32GetElapsedTime_MS	16	static
STK_program.c:274:7:STK_u32GetElapsedTime_US	16	static
STK_program.c:282:5:STK_u32GetRemainingTicks	16	static
STK_program.c:288:7:STK_u32GetRemainingTime_MS	24	static
STK_program.c:294:7:STK_u32GetRemainingTime_US	24	static
STK_program.c:301:6:SysTick_Handler	8	static
