Archive member included to satisfy reference by file (symbol)

c:/st/stm32cubeide_1.4.0/stm32cubeide/plugins/com.st.stm32cube.ide.mcu.externaltools.gnu-tools-for-stm32.7-2018-q2-update.win32_1.4.0.202007081208/tools/bin/../lib/gcc/arm-none-eabi/7.3.1/../../../../arm-none-eabi/lib/thumb/v7-m\libc_nano.a(lib_a-exit.o)
                              c:/st/stm32cubeide_1.4.0/stm32cubeide/plugins/com.st.stm32cube.ide.mcu.externaltools.gnu-tools-for-stm32.7-2018-q2-update.win32_1.4.0.202007081208/tools/bin/../lib/gcc/arm-none-eabi/7.3.1/../../../../arm-none-eabi/lib/thumb/v7-m/crt0.o (exit)
c:/st/stm32cubeide_1.4.0/stm32cubeide/plugins/com.st.stm32cube.ide.mcu.externaltools.gnu-tools-for-stm32.7-2018-q2-update.win32_1.4.0.202007081208/tools/bin/../lib/gcc/arm-none-eabi/7.3.1/../../../../arm-none-eabi/lib/thumb/v7-m\libc_nano.a(lib_a-impure.o)
                              c:/st/stm32cubeide_1.4.0/stm32cubeide/plugins/com.st.stm32cube.ide.mcu.externaltools.gnu-tools-for-stm32.7-2018-q2-update.win32_1.4.0.202007081208/tools/bin/../lib/gcc/arm-none-eabi/7.3.1/../../../../arm-none-eabi/lib/thumb/v7-m\libc_nano.a(lib_a-exit.o) (_global_impure_ptr)
c:/st/stm32cubeide_1.4.0/stm32cubeide/plugins/com.st.stm32cube.ide.mcu.externaltools.gnu-tools-for-stm32.7-2018-q2-update.win32_1.4.0.202007081208/tools/bin/../lib/gcc/arm-none-eabi/7.3.1/../../../../arm-none-eabi/lib/thumb/v7-m\libc_nano.a(lib_a-init.o)
                              c:/st/stm32cubeide_1.4.0/stm32cubeide/plugins/com.st.stm32cube.ide.mcu.externaltools.gnu-tools-for-stm32.7-2018-q2-update.win32_1.4.0.202007081208/tools/bin/../lib/gcc/arm-none-eabi/7.3.1/../../../../arm-none-eabi/lib/thumb/v7-m/crt0.o (__libc_init_array)
c:/st/stm32cubeide_1.4.0/stm32cubeide/plugins/com.st.stm32cube.ide.mcu.externaltools.gnu-tools-for-stm32.7-2018-q2-update.win32_1.4.0.202007081208/tools/bin/../lib/gcc/arm-none-eabi/7.3.1/../../../../arm-none-eabi/lib/thumb/v7-m\libc_nano.a(lib_a-memset.o)
                              c:/st/stm32cubeide_1.4.0/stm32cubeide/plugins/com.st.stm32cube.ide.mcu.externaltools.gnu-tools-for-stm32.7-2018-q2-update.win32_1.4.0.202007081208/tools/bin/../lib/gcc/arm-none-eabi/7.3.1/../../../../arm-none-eabi/lib/thumb/v7-m/crt0.o (memset)
c:/st/stm32cubeide_1.4.0/stm32cubeide/plugins/com.st.stm32cube.ide.mcu.externaltools.gnu-tools-for-stm32.7-2018-q2-update.win32_1.4.0.202007081208/tools/bin/../lib/gcc/arm-none-eabi/7.3.1/thumb/v7-m\libgcc.a(_arm_addsubsf3.o)
                              Src/STK_program.o (__aeabi_ui2f)
c:/st/stm32cubeide_1.4.0/stm32cubeide/plugins/com.st.stm32cube.ide.mcu.externaltools.gnu-tools-for-stm32.7-2018-q2-update.win32_1.4.0.202007081208/tools/bin/../lib/gcc/arm-none-eabi/7.3.1/thumb/v7-m\libgcc.a(_arm_muldivsf3.o)
                              Src/STK_program.o (__aeabi_fdiv)
c:/st/stm32cubeide_1.4.0/stm32cubeide/plugins/com.st.stm32cube.ide.mcu.externaltools.gnu-tools-for-stm32.7-2018-q2-update.win32_1.4.0.202007081208/tools/bin/../lib/gcc/arm-none-eabi/7.3.1/../../../../arm-none-eabi/lib/thumb/v7-m\libnosys.a(_exit.o)
                              c:/st/stm32cubeide_1.4.0/stm32cubeide/plugins/com.st.stm32cube.ide.mcu.externaltools.gnu-tools-for-stm32.7-2018-q2-update.win32_1.4.0.202007081208/tools/bin/../lib/gcc/arm-none-eabi/7.3.1/../../../../arm-none-eabi/lib/thumb/v7-m\libc_nano.a(lib_a-exit.o) (_exit)

Allocating common symbols
Common symbol       size              file

t3                  0x1               Src/main.o
SCB_ADDRESS_TO_CALL
                    0x4               Src/SCB_program.o
DoorLock_Indicator_Runnable_PP_LedState_VAR_u8LedState
                    0x1               RTE/RTE_Gen/Rte_SWC_LED_Actuator.o
Global_QueueOfReadyTasks
                    0x24              MRTOS/src/MRTOS_Scheduler.o
ReadDoorState_Runnable_RP_sDoorState_VAR_u8sDoorSensorReading
                    0x1               RTE/RTE_Gen/Rte_SWC_DoorState.o
Global_pTasks       0x18              MRTOS/src/MRTOS_Scheduler.o
ReadDoorSensor_Runnable_PP_sDoorState_VAR_u8sDoorSensorReading
                    0x1               RTE/RTE_Gen/Rte_SWC_DoorState.o
T1_ReadDoorSensor_10MS
                    0x28              Src/main.o
DoorLock_Indicator_Runnable_RP_DoorState_VAR_u8DoorState
                    0x1               RTE/RTE_Gen/Rte_SWC_DoorState.o
t2                  0x1               Src/main.o
t4                  0x1               Src/main.o
t1                  0x1               Src/main.o
ReadDoorState_Runnable_PP_DoorState_VAR_u8DoorState
                    0x1               RTE/RTE_Gen/Rte_SWC_DoorState.o
T4_LedState_18MS    0x28              Src/main.o
T2_DoorState_12MS   0x28              Src/main.o
T3_MainAlgo_15MS    0x28              Src/main.o
setLedState_Runnable_RP_LedState_VAR_u8LedState
                    0x1               RTE/RTE_Gen/Rte_SWC_LED_Actuator.o
STK_u8ModeOfInterval
                    0x1               Src/STK_program.o

Discarded input sections

[...]
Memory Configuration

Name             Origin             Length             Attributes
RAM              0x0000000020000000 0x0000000000002800 xrw
ROM              0x0000000008000000 0x0000000000008000 xr
*default*        0x0000000000000000 0xffffffffffffffff

Linker script and memory map

LOAD c:/st/stm32cubeide_1.4.0/stm32cubeide/plugins/com.st.stm32cube.ide.mcu.externaltools.gnu-tools-for-stm32.7-2018-q2-update.win32_1.4.0.202007081208/tools/bin/../lib/gcc/arm-none-eabi/7.3.1/thumb/v7-m/crti.o
LOAD c:/st/stm32cubeide_1.4.0/stm32cubeide/plugins/com.st.stm32cube.ide.mcu.externaltools.gnu-tools-for-stm32.7-2018-q2-update.win32_1.4.0.202007081208/tools/bin/../lib/gcc/arm-none-eabi/7.3.1/thumb/v7-m/crtbegin.o
LOAD c:/st/stm32cubeide_1.4.0/stm32cubeide/plugins/com.st.stm32cube.ide.mcu.externaltools.gnu-tools-for-stm32.7-2018-q2-update.win32_1.4.0.202007081208/tools/bin/../lib/gcc/arm-none-eabi/7.3.1/../../../../arm-none-eabi/lib/thumb/v7-m/crt0.o
LOAD MRTOS/src/MRTOS_Porting.o
LOAD MRTOS/src/MRTOS_Queue.o
LOAD MRTOS/src/MRTOS_Scheduler.o
LOAD RTE/RTE_Gen/Rte_SWC_DoorLockIndicatorAlgo.o
LOAD RTE/RTE_Gen/Rte_SWC_DoorState.o
LOAD RTE/RTE_Gen/Rte_SWC_IO_Abstraction.o
LOAD RTE/RTE_Gen/Rte_SWC_LED_Actuator.o
LOAD SWC_Runnables/SWC_DoorLockIndicatorAlgo.o
LOAD SWC_Runnables/SWC_DoorState.o
LOAD SWC_Runnables/SWC_IO_Abstraction.o
LOAD SWC_Runnables/SWC_LED_Actuator.o
LOAD Src/GPIO_program.o
LOAD Src/NVIC_program.o
LOAD Src/PSRC_program.o
LOAD Src/RCC_program.o
LOAD Src/SCB_program.o
LOAD Src/STK_program.o
LOAD Src/main.o
LOAD Startup/startup_stm32f103c6tx.o
START GROUP
LOAD c:/st/stm32cubeide_1.4.0/stm32cubeide/plugins/com.st.stm32cube.ide.mcu.externaltools.gnu-tools-for-stm32.7-2018-q2-update.win32_1.4.0.202007081208/tools/bin/../lib/gcc/arm-none-eabi/7.3.1/../../../../arm-none-eabi/lib/thumb/v7-m\libc_nano.a
LOAD c:/st/stm32cubeide_1.4.0/stm32cubeide/plugins/com.st.stm32cube.ide.mcu.externaltools.gnu-tools-for-stm32.7-2018-q2-update.win32_1.4.0.202007081208/tools/bin/../lib/gcc/arm-none-eabi/7.3.1/../../../../arm-none-eabi/lib/thumb/v7-m\libm.a
END GROUP
START GROUP
LOAD c:/st/stm32cubeide_1.4.0/stm32cubeide/plugins/com.st.stm32cube.ide.mcu.externaltools.gnu-tools-for-stm32.7-2018-q2-update.win32_1.4.0.202007081208/tools/bin/../lib/gcc/arm-none-eabi/7.3.1/thumb/v7-m\libgcc.a
LOAD c:/st/stm32cubeide_1.4.0/stm32cubeide/plugins/com.st.stm32cube.ide.mcu.externaltools.gnu-tools-for-stm32.7-2018-q2-update.win32_1.4.0.202007081208/tools/bin/../lib/gcc/arm-none-eabi/7.3.1/../../../../arm-none-eabi/lib/thumb/v7-m\libc_nano.a
END GROUP
START GROUP
LOAD c:/st/stm32cubeide_1.4.0/stm32cubeide/plugins/com.st.stm32cube.ide.mcu.externaltools.gnu-tools-for-stm32.7-2018-q2-update.win32_1.4.0.202007081208/tools/bin/../lib/gcc/arm-none-eabi/7.3.1/thumb/v7-m\libgcc.a
LOAD c:/st/stm32cubeide_1.4.0/stm32cubeide/plugins/com.st.stm32cube.ide.mcu.externaltools.gnu-tools-for-stm32.7-2018-q2-update.win32_1.4.0.202007081208/tools/bin/../lib/gcc/arm-none-eabi/7.3.1/../../../../arm-none-eabi/lib/thumb/v7-m\libc_nano.a
LOAD c:/st/stm32cubeide_1.4.0/stm32cubeide/plugins/com.st.stm32cube.ide.mcu.externaltools.gnu-tools-for-stm32.7-2018-q2-update.win32_1.4.0.202007081208/tools/bin/../lib/gcc/arm-none-eabi/7.3.1/../../../../arm-none-eabi/lib/thumb/v7-m\libnosys.a
END GROUP
START GROUP
LOAD c:/st/stm32cubeide_1.4.0/stm32cubeide/plugins/com.st.stm32cube.ide.mcu.externaltools.gnu-tools-for-stm32.7-2018-q2-update.win32_1.4.0.202007081208/tools/bin/../lib/gcc/arm-none-eabi/7.3.1/thumb/v7-m\libgcc.a
LOAD c:/st/stm32cubeide_1.4.0/stm32cubeide/plugins/com.st.stm32cube.ide.mcu.externaltools.gnu-tools-for-stm32.7-2018-q2-update.win32_1.4.0.202007081208/tools/bin/../lib/gcc/arm-none-eabi/7.3.1/../../../../arm-none-eabi/lib/thumb/v7-m\libc_nano.a
LOAD c:/st/stm32cubeide_1.4.0/stm32cubeide/plugins/com.st.stm32cube.ide.mcu.externaltools.gnu-tools-for-stm32.7-2018-q2-update.win32_1.4.0.202007081208/tools/bin/../lib/gcc/arm-none-eabi/7.3.1/../../../../arm-none-eabi/lib/thumb/v7-m\libnosys.a
END GROUP
LOAD c:/st/stm32cubeide_1.4.0/stm32cubeide/plugins/com.st.stm32cube.ide.mcu.externaltools.gnu-tools-for-stm32.7-2018-q2-update.win32_1.4.0.202007081208/tools/bin/../lib/gcc/arm-none-eabi/7.3.1/thumb/v7-m/crtend.o
LOAD c:/st/stm32cubeide_1.4.0/stm32cubeide/plugins/com.st.stm32cube.ide.mcu.externaltools.gnu-tools-for-stm32.7-2018-q2-update.win32_1.4.0.202007081208/tools/bin/../lib/gcc/arm-none-eabi/7.3.1/thumb/v7-m/crtn.o
                0x0000000020002800                _estack = (ORIGIN (RAM) + LENGTH (RAM))
                0x0000000000000200                _Min_Heap_Size = 0x200
                0x0000000000000400                _Min_Stack_Size = 0x400

.isr_vector     0x0000000008000000      0x130
                0x0000000008000000                . = ALIGN (0x4)
 *(.isr_vector)
 .isr_vector    0x0000000008000000      0x130 Startup/startup_stm32f103c6tx.o
                0x0000000008000000                g_pfnVectors
                0x0000000008000130                . = ALIGN (0x4)

.text           0x0000000008000130     0x1230
                0x0000000008000130                . = ALIGN (0x4)
 *(.text)
 .text          0x0000000008000130       0x40 c:/st/stm32cubeide_1.4.0/stm32cubeide/plugins/com.st.stm32cube.ide.mcu.externaltools.gnu-tools-for-stm32.7-2018-q2-update.win32_1.4.0.202007081208/tools/bin/../lib/gcc/arm-none-eabi/7.3.1/thumb/v7-m/crtbegin.o
 *(.text*)
 .text.MRTOS_voidHardwareInit
                0x0000000008000170       0x24 MRTOS/src/MRTOS_Porting.o
                0x0000000008000170                MRTOS_voidHardwareInit
 .text.MRTOS_voidStartTicker
                0x0000000008000194       0x1e MRTOS/src/MRTOS_Porting.o
                0x0000000008000194                MRTOS_voidStartTicker
 *fill*         0x00000000080001b2        0x2 
 .text.MRTOS_voidCallService
                0x00000000080001b4       0x44 MRTOS/src/MRTOS_Porting.o
                0x00000000080001b4                MRTOS_voidCallService
 .text.HardFault_Handler
                0x00000000080001f8        0x6 MRTOS/src/MRTOS_Porting.o
                0x00000000080001f8                HardFault_Handler
 .text.MemManage_Handler
                0x00000000080001fe        0x6 MRTOS/src/MRTOS_Porting.o
                0x00000000080001fe                MemManage_Handler
 .text.BusFault_Handler
                0x0000000008000204        0x6 MRTOS/src/MRTOS_Porting.o
                0x0000000008000204                BusFault_Handler
 .text.UsageFault_Handler
                0x000000000800020a        0x6 MRTOS/src/MRTOS_Porting.o
                0x000000000800020a                UsageFault_Handler
 .text.SVC_Handler
                0x0000000008000210       0x14 MRTOS/src/MRTOS_Porting.o
                0x0000000008000210                SVC_Handler
 .text.queue_create
                0x0000000008000224       0x26 MRTOS/src/MRTOS_Queue.o
                0x0000000008000224                queue_create
 *fill*         0x000000000800024a        0x2 
 .text.queue_add
                0x000000000800024c       0x68 MRTOS/src/MRTOS_Queue.o
                0x000000000800024c                queue_add
 .text.queue_get
                0x00000000080002b4       0x68 MRTOS/src/MRTOS_Queue.o
                0x00000000080002b4                queue_get
 .text.queue_size
                0x000000000800031c       0x18 MRTOS/src/MRTOS_Queue.o
                0x000000000800031c                queue_size
 .text.MRTOS_staticMainStack
                0x0000000008000334       0x4c MRTOS/src/MRTOS_Scheduler.o
 .text.MRTOS_staticIdleTask
                0x0000000008000380        0x8 MRTOS/src/MRTOS_Scheduler.o
 .text.MRTOS_voidInit
                0x0000000008000388       0x68 MRTOS/src/MRTOS_Scheduler.o
                0x0000000008000388                MRTOS_voidInit
 .text.MRTOS_voidCreateTask
                0x00000000080003f0       0xfc MRTOS/src/MRTOS_Scheduler.o
                0x00000000080003f0                MRTOS_voidCreateTask
 .text.MRTOS_voidActiveTask
                0x00000000080004ec       0x32 MRTOS/src/MRTOS_Scheduler.o
                0x00000000080004ec                MRTOS_voidActiveTask
 .text.MRTOS_voidTaskDelay
                0x000000000800051e       0x32 MRTOS/src/MRTOS_Scheduler.o
                0x000000000800051e                MRTOS_voidTaskDelay
 .text.MRTOS_voidStartScheduler
                0x0000000008000550       0x60 MRTOS/src/MRTOS_Scheduler.o
                0x0000000008000550                MRTOS_voidStartScheduler
 .text.MRTOS_staticFirstStageSchedular
                0x00000000080005b0      0x11c MRTOS/src/MRTOS_Scheduler.o
 .text.MRTOS_staticSecondStageSchedular
                0x00000000080006cc       0xb8 MRTOS/src/MRTOS_Scheduler.o
 .text.PendSV_Handler
                0x0000000008000784      0x1c0 MRTOS/src/MRTOS_Scheduler.o
                0x0000000008000784                PendSV_Handler
 .text._MRTOS_SVC_CALL_
                0x0000000008000944       0x50 MRTOS/src/MRTOS_Scheduler.o
                0x0000000008000944                _MRTOS_SVC_CALL_
 .text.MRTOS_voidTickerHandler
                0x0000000008000994       0x9c MRTOS/src/MRTOS_Scheduler.o
 .text.Rte_IWrite_SWC_DoorLockIndicatorAlgo_DoorLock_Indicator_Runnable_PP_LedState_VAR_u8LedState
                0x0000000008000a30       0x20 RTE/RTE_Gen/Rte_SWC_DoorLockIndicatorAlgo.o
                0x0000000008000a30                Rte_IWrite_SWC_DoorLockIndicatorAlgo_DoorLock_Indicator_Runnable_PP_LedState_VAR_u8LedState
 .text.Rte_IRead_SWC_DoorLockIndicatorAlgo_DoorLock_Indicator_Runnable_RP_DoorState_VAR_u8DoorState
                0x0000000008000a50       0x18 RTE/RTE_Gen/Rte_SWC_DoorLockIndicatorAlgo.o
                0x0000000008000a50                Rte_IRead_SWC_DoorLockIndicatorAlgo_DoorLock_Indicator_Runnable_RP_DoorState_VAR_u8DoorState
 .text.Rte_IWrite_SWC_DoorState_ReadDoorState_Runnable_PP_DoorState_VAR_u8DoorState
                0x0000000008000a68       0x20 RTE/RTE_Gen/Rte_SWC_DoorState.o
                0x0000000008000a68                Rte_IWrite_SWC_DoorState_ReadDoorState_Runnable_PP_DoorState_VAR_u8DoorState
 .text.Rte_IRead_SWC_DoorState_ReadDoorState_Runnable_RP_sDoorState_VAR_u8sDoorSensorReading
                0x0000000008000a88       0x18 RTE/RTE_Gen/Rte_SWC_DoorState.o
                0x0000000008000a88                Rte_IRead_SWC_DoorState_ReadDoorState_Runnable_RP_sDoorState_VAR_u8sDoorSensorReading
 .text.Rte_IWrite_SWC_IO_Abstraction_ReadDoorSensor_Runnable_PP_sDoorState_VAR_u8sDoorSensorReading
                0x0000000008000aa0       0x20 RTE/RTE_Gen/Rte_SWC_IO_Abstraction.o
                0x0000000008000aa0                Rte_IWrite_SWC_IO_Abstraction_ReadDoorSensor_Runnable_PP_sDoorState_VAR_u8sDoorSensorReading
 .text.Rte_IRead_SWC_LED_Actuator_setLedState_Runnable_RP_LedState_VAR_u8LedState
                0x0000000008000ac0       0x18 RTE/RTE_Gen/Rte_SWC_LED_Actuator.o
                0x0000000008000ac0                Rte_IRead_SWC_LED_Actuator_setLedState_Runnable_RP_LedState_VAR_u8LedState
 .text.Rte_Call_SWC_LED_Actuator_RP_sLED_OP_OP_setLedState
                0x0000000008000ad8       0x40 RTE/RTE_Gen/Rte_SWC_LED_Actuator.o
                0x0000000008000ad8                Rte_Call_SWC_LED_Actuator_RP_sLED_OP_OP_setLedState
 .text.DoorLock_Indicator_Runnable
                0x0000000008000b18       0x34 SWC_Runnables/SWC_DoorLockIndicatorAlgo.o
                0x0000000008000b18                DoorLock_Indicator_Runnable
 .text.ReadDoorState_Runnable
                0x0000000008000b4c       0x1e SWC_Runnables/SWC_DoorState.o
                0x0000000008000b4c                ReadDoorState_Runnable
 .text.ReadDoorSensor_Runnable
                0x0000000008000b6a       0x22 SWC_Runnables/SWC_IO_Abstraction.o
                0x0000000008000b6a                ReadDoorSensor_Runnable
 .text.LedSwitch_Runnable
                0x0000000008000b8c       0x44 SWC_Runnables/SWC_IO_Abstraction.o
                0x0000000008000b8c                LedSwitch_Runnable
 .text.setLedState_Runnable
                0x0000000008000bd0       0x28 SWC_Runnables/SWC_LED_Actuator.o
                0x0000000008000bd0                setLedState_Runnable
 .text.GPIO_voidSetPinDirection
                0x0000000008000bf8      0x18c Src/GPIO_program.o
                0x0000000008000bf8                GPIO_voidSetPinDirection
 .text.GPIO_voidSetPinValue
                0x0000000008000d84       0xac Src/GPIO_program.o
                0x0000000008000d84                GPIO_voidSetPinValue
 .text.GPIO_u8GetPinValue
                0x0000000008000e30       0x78 Src/GPIO_program.o
                0x0000000008000e30                GPIO_u8GetPinValue
 .text.PSRC_voidSetAccessLevel
                0x0000000008000ea8       0x2c Src/PSRC_program.o
                0x0000000008000ea8                PSRC_voidSetAccessLevel
 .text.RCC_voidInitSysClock
                0x0000000008000ed4       0x24 Src/RCC_program.o
                0x0000000008000ed4                RCC_voidInitSysClock
 .text.RCC_voidEnableClock
                0x0000000008000ef8       0x80 Src/RCC_program.o
                0x0000000008000ef8                RCC_voidEnableClock
 .text.SCB_voidTrigPendSV
                0x0000000008000f78       0x1c Src/SCB_program.o
                0x0000000008000f78                SCB_voidTrigPendSV
 .text.STK_voidInit
                0x0000000008000f94       0x20 Src/STK_program.o
                0x0000000008000f94                STK_voidInit
 .text.STK_voidStopSystick
                0x0000000008000fb4       0x1c Src/STK_program.o
                0x0000000008000fb4                STK_voidStopSystick
 .text.STK_voidStartSystick
                0x0000000008000fd0       0x1c Src/STK_program.o
                0x0000000008000fd0                STK_voidStartSystick
 .text.STK_voidSetIntervalPeriodic
                0x0000000008000fec       0x60 Src/STK_program.o
                0x0000000008000fec                STK_voidSetIntervalPeriodic
 .text.SysTick_Handler
                0x000000000800104c       0x4c Src/STK_program.o
                0x000000000800104c                SysTick_Handler
 .text.FUNC_T1_ReadDoorSensor_10MS
                0x0000000008001098       0x28 Src/main.o
                0x0000000008001098                FUNC_T1_ReadDoorSensor_10MS
 .text.FUNC_T2_DoorState_12MS
                0x00000000080010c0       0x28 Src/main.o
                0x00000000080010c0                FUNC_T2_DoorState_12MS
 .text.FUNC_T3_MainAlgo_15MS
                0x00000000080010e8       0x28 Src/main.o
                0x00000000080010e8                FUNC_T3_MainAlgo_15MS
 .text.FUNC_T4_LedState_18MS
                0x0000000008001110       0x28 Src/main.o
                0x0000000008001110                FUNC_T4_LedState_18MS
 .text.HW_init  0x0000000008001138       0x3e Src/main.o
                0x0000000008001138                HW_init
 *fill*         0x0000000008001176        0x2 
 .text.main     0x0000000008001178      0x134 Src/main.o
                0x0000000008001178                main
 .text.Reset_Handler
                0x00000000080012ac       0x50 Startup/startup_stm32f103c6tx.o
                0x00000000080012ac                Reset_Handler
 .text.Default_Handler
                0x00000000080012fc        0x2 Startup/startup_stm32f103c6tx.o
                0x00000000080012fc                EXTI2_IRQHandler
                0x00000000080012fc                TIM8_TRG_COM_IRQHandler
                0x00000000080012fc                TIM8_CC_IRQHandler
                0x00000000080012fc                DebugMon_Handler
                0x00000000080012fc                TIM1_CC_IRQHandler
                0x00000000080012fc                TIM6_IRQHandler
                0x00000000080012fc                PVD_IRQHandler
                0x00000000080012fc                SDIO_IRQHandler
                0x00000000080012fc                NMI_Handler
                0x00000000080012fc                EXTI3_IRQHandler
                0x00000000080012fc                USB_HP_CAN_TX_IRQHandler
                0x00000000080012fc                EXTI0_IRQHandler
                0x00000000080012fc                I2C2_EV_IRQHandler
                0x00000000080012fc                ADC1_2_IRQHandler
                0x00000000080012fc                SPI1_IRQHandler
                0x00000000080012fc                CAN_SCE_IRQHandler
                0x00000000080012fc                TAMPER_IRQHandler
                0x00000000080012fc                TIM8_UP_IRQHandler
                0x00000000080012fc                DMA2_Channel2_IRQHandler
                0x00000000080012fc                DMA1_Channel4_IRQHandler
                0x00000000080012fc                USART3_IRQHandler
                0x00000000080012fc                RTC_IRQHandler
                0x00000000080012fc                DMA1_Channel7_IRQHandler
                0x00000000080012fc                UART5_IRQHandler
                0x00000000080012fc                ADC3_IRQHandler
                0x00000000080012fc                TIM4_IRQHandler
                0x00000000080012fc                CAN_RX1_IRQHandler
                0x00000000080012fc                DMA2_Channel1_IRQHandler
                0x00000000080012fc                I2C1_EV_IRQHandler
                0x00000000080012fc                DMA1_Channel6_IRQHandler
                0x00000000080012fc                UART4_IRQHandler
                0x00000000080012fc                TIM3_IRQHandler
                0x00000000080012fc                RCC_IRQHandler
                0x00000000080012fc                TIM1_TRG_COM_IRQHandler
                0x00000000080012fc                DMA1_Channel1_IRQHandler
                0x00000000080012fc                Default_Handler
                0x00000000080012fc                EXTI15_10_IRQHandler
                0x00000000080012fc                TIM7_IRQHandler
                0x00000000080012fc                TIM5_IRQHandler
                0x00000000080012fc                EXTI9_5_IRQHandler
                0x00000000080012fc                SPI2_IRQHandler
                0x00000000080012fc                USB_LP_CAN_RX0_IRQHandler
                0x00000000080012fc                DMA1_Channel5_IRQHandler
                0x00000000080012fc                EXTI4_IRQHandler
                0x00000000080012fc                DMA1_Channel3_IRQHandler
                0x00000000080012fc                FSMC_IRQHandler
                0x00000000080012fc                TIM1_UP_IRQHandler
                0x00000000080012fc                WWDG_IRQHandler
                0x00000000080012fc                TIM2_IRQHandler
                0x00000000080012fc                TIM1_BRK_IRQHandler
                0x00000000080012fc                EXTI1_IRQHandler
                0x00000000080012fc                RTCAlarm_IRQHandler
                0x00000000080012fc                DMA2_Channel4_5_IRQHandler
                0x00000000080012fc                USART2_IRQHandler
                0x00000000080012fc                I2C2_ER_IRQHandler
                0x00000000080012fc                DMA1_Channel2_IRQHandler
                0x00000000080012fc                TIM8_BRK_IRQHandler
                0x00000000080012fc                FLASH_IRQHandler
                0x00000000080012fc                USART1_IRQHandler
                0x00000000080012fc                SPI3_IRQHandler
                0x00000000080012fc                I2C1_ER_IRQHandler
                0x00000000080012fc                DMA2_Channel3_IRQHandler
 *fill*         0x00000000080012fe        0x2 
 .text.__libc_init_array
                0x0000000008001300       0x48 c:/st/stm32cubeide_1.4.0/stm32cubeide/plugins/com.st.stm32cube.ide.mcu.externaltools.gnu-tools-for-stm32.7-2018-q2-update.win32_1.4.0.202007081208/tools/bin/../lib/gcc/arm-none-eabi/7.3.1/../../../../arm-none-eabi/lib/thumb/v7-m\libc_nano.a(lib_a-init.o)
                0x0000000008001300                __libc_init_array
 *(.glue_7)
 .glue_7        0x0000000008001348        0x0 linker stubs
 *(.glue_7t)
 .glue_7t       0x0000000008001348        0x0 linker stubs
 *(.eh_frame)
 .eh_frame      0x0000000008001348        0x0 c:/st/stm32cubeide_1.4.0/stm32cubeide/plugins/com.st.stm32cube.ide.mcu.externaltools.gnu-tools-for-stm32.7-2018-q2-update.win32_1.4.0.202007081208/tools/bin/../lib/gcc/arm-none-eabi/7.3.1/thumb/v7-m/crtbegin.o
 *(.init)
 .init          0x0000000008001348        0x4 c:/st/stm32cubeide_1.4.0/stm32cubeide/plugins/com.st.stm32cube.ide.mcu.externaltools.gnu-tools-for-stm32.7-2018-q2-update.win32_1.4.0.202007081208/tools/bin/../lib/gcc/arm-none-eabi/7.3.1/thumb/v7-m/crti.o
                0x0000000008001348                _init
 .init          0x000000000800134c        0x8 c:/st/stm32cubeide_1.4.0/stm32cubeide/plugins/com.st.stm32cube.ide.mcu.externaltools.gnu-tools-for-stm32.7-2018-q2-update.win32_1.4.0.202007081208/tools/bin/../lib/gcc/arm-none-eabi/7.3.1/thumb/v7-m/crtn.o
 *(.fini)
 .fini          0x0000000008001354        0x4 c:/st/stm32cubeide_1.4.0/stm32cubeide/plugins/com.st.stm32cube.ide.mcu.externaltools.gnu-tools-for-stm32.7-2018-q2-update.win32_1.4.0.202007081208/tools/bin/../lib/gcc/arm-none-eabi/7.3.1/thumb/v7-m/crti.o
                0x0000000008001354                _fini
 .fini          0x0000000008001358        0x8 c:/st/stm32cubeide_1.4.0/stm32cubeide/plugins/com.st.stm32cube.ide.mcu.externaltools.gnu-tools-for-stm32.7-2018-q2-update.win32_1.4.0.202007081208/tools/bin/../lib/gcc/arm-none-eabi/7.3.1/thumb/v7-m/crtn.o
                0x0000000008001360                . = ALIGN (0x4)
                0x0000000008001360                _etext = .

.vfp11_veneer   0x0000000008001360        0x0
 .vfp11_veneer  0x0000000008001360        0x0 linker stubs

.v4_bx          0x0000000008001360        0x0
 .v4_bx         0x0000000008001360        0x0 linker stubs

.iplt           0x0000000008001360        0x0
 .iplt          0x0000000008001360        0x0 c:/st/stm32cubeide_1.4.0/stm32cubeide/plugins/com.st.stm32cube.ide.mcu.externaltools.gnu-tools-for-stm32.7-2018-q2-update.win32_1.4.0.202007081208/tools/bin/../lib/gcc/arm-none-eabi/7.3.1/thumb/v7-m/crtbegin.o

.rodata         0x0000000008001360       0x18
                0x0000000008001360                . = ALIGN (0x4)
 *(.rodata)
 *(.rodata*)
 .rodata.Rte_Instance_SWC_DoorLockIndicatorAlgo
                0x0000000008001360        0x8 RTE/RTE_Gen/Rte_SWC_DoorLockIndicatorAlgo.o
                0x0000000008001360                Rte_Instance_SWC_DoorLockIndicatorAlgo
 .rodata.Rte_Instance_SWC_DoorState
                0x0000000008001368        0x8 RTE/RTE_Gen/Rte_SWC_DoorState.o
                0x0000000008001368                Rte_Instance_SWC_DoorState
 .rodata.Rte_Instance_SWC_IO_Abstraction
                0x0000000008001370        0x4 RTE/RTE_Gen/Rte_SWC_IO_Abstraction.o
                0x0000000008001370                Rte_Instance_SWC_IO_Abstraction
 .rodata.Rte_Instance_SWC_LED_Actuator
                0x0000000008001374        0x4 RTE/RTE_Gen/Rte_SWC_LED_Actuator.o
                0x0000000008001374                Rte_Instance_SWC_LED_Actuator
                0x0000000008001378                . = ALIGN (0x4)

.rel.dyn        0x0000000008001378        0x0
 .rel.iplt      0x0000000008001378        0x0 c:/st/stm32cubeide_1.4.0/stm32cubeide/plugins/com.st.stm32cube.ide.mcu.externaltools.gnu-tools-for-stm32.7-2018-q2-update.win32_1.4.0.202007081208/tools/bin/../lib/gcc/arm-none-eabi/7.3.1/thumb/v7-m/crtbegin.o

.ARM.extab      0x0000000008001378        0x0
                0x0000000008001378                . = ALIGN (0x4)
 *(.ARM.extab* .gnu.linkonce.armextab.*)
                0x0000000008001378                . = ALIGN (0x4)

.ARM            0x0000000008001378        0x0
                0x0000000008001378                . = ALIGN (0x4)
                0x0000000008001378                __exidx_start = .
 *(.ARM.exidx*)
                0x0000000008001378                __exidx_end = .
                0x0000000008001378                . = ALIGN (0x4)

.preinit_array  0x0000000008001378        0x0
                0x0000000008001378                . = ALIGN (0x4)
                0x0000000008001378                PROVIDE (__preinit_array_start = .)
 *(.preinit_array*)
                0x0000000008001378                PROVIDE (__preinit_array_end = .)
                0x0000000008001378                . = ALIGN (0x4)

.init_array     0x0000000008001378        0x4
                0x0000000008001378                . = ALIGN (0x4)
                0x0000000008001378                PROVIDE (__init_array_start = .)
 *(SORT_BY_NAME(.init_array.*))
 *(.init_array*)
 .init_array    0x0000000008001378        0x4 c:/st/stm32cubeide_1.4.0/stm32cubeide/plugins/com.st.stm32cube.ide.mcu.externaltools.gnu-tools-for-stm32.7-2018-q2-update.win32_1.4.0.202007081208/tools/bin/../lib/gcc/arm-none-eabi/7.3.1/thumb/v7-m/crtbegin.o
                0x000000000800137c                PROVIDE (__init_array_end = .)
                0x000000000800137c                . = ALIGN (0x4)

.fini_array     0x000000000800137c        0x4
                0x000000000800137c                . = ALIGN (0x4)
                [!provide]                        PROVIDE (__fini_array_start = .)
 *(SORT_BY_NAME(.fini_array.*))
 *(.fini_array*)
 .fini_array    0x000000000800137c        0x4 c:/st/stm32cubeide_1.4.0/stm32cubeide/plugins/com.st.stm32cube.ide.mcu.externaltools.gnu-tools-for-stm32.7-2018-q2-update.win32_1.4.0.202007081208/tools/bin/../lib/gcc/arm-none-eabi/7.3.1/thumb/v7-m/crtbegin.o
                [!provide]                        PROVIDE (__fini_array_end = .)
                0x0000000008001380                . = ALIGN (0x4)
                0x0000000008001380                _sidata = LOADADDR (.data)

.data           0x0000000020000000        0x0 load address 0x0000000008001380
                0x0000000020000000                . = ALIGN (0x4)
                0x0000000020000000                _sdata = .
 *(.data)
 *(.data*)
                0x0000000020000000                . = ALIGN (0x4)
                0x0000000020000000                _edata = .

.igot.plt       0x0000000020000000        0x0 load address 0x0000000008001380
 .igot.plt      0x0000000020000000        0x0 c:/st/stm32cubeide_1.4.0/stm32cubeide/plugins/com.st.stm32cube.ide.mcu.externaltools.gnu-tools-for-stm32.7-2018-q2-update.win32_1.4.0.202007081208/tools/bin/../lib/gcc/arm-none-eabi/7.3.1/thumb/v7-m/crtbegin.o
                0x0000000020000000                . = ALIGN (0x4)

.bss            0x0000000020000000      0x180 load address 0x0000000008001380
                0x0000000020000000                _sbss = .
                0x0000000020000000                __bss_start__ = _sbss
 *(.bss)
 .bss           0x0000000020000000       0x1c c:/st/stm32cubeide_1.4.0/stm32cubeide/plugins/com.st.stm32cube.ide.mcu.externaltools.gnu-tools-for-stm32.7-2018-q2-update.win32_1.4.0.202007081208/tools/bin/../lib/gcc/arm-none-eabi/7.3.1/thumb/v7-m/crtbegin.o
 *(.bss*)
 .bss.OS_Control
                0x000000002000001c       0x34 MRTOS/src/MRTOS_Scheduler.o
 .bss.Global_IdleTask
                0x0000000020000050       0x28 MRTOS/src/MRTOS_Scheduler.o
 .bss.SWC_LED_Actuator_RP_sLED_OP_OP_setLedState_Buffer_retcode
                0x0000000020000078        0x1 RTE/RTE_Gen/Rte_SWC_LED_Actuator.o
                0x0000000020000078                SWC_LED_Actuator_RP_sLED_OP_OP_setLedState_Buffer_retcode
 *fill*         0x0000000020000079        0x3 
 .bss.Rte_Call_SWC_LED_Actuator_RP_sLED_OP_OP_setLedState_Delegate
                0x000000002000007c        0x4 RTE/RTE_Gen/Rte_SWC_LED_Actuator.o
                0x000000002000007c                Rte_Call_SWC_LED_Actuator_RP_sLED_OP_OP_setLedState_Delegate
 .bss.Glob_STKCallback
                0x0000000020000080        0x4 Src/STK_program.o
                0x0000000020000080                Glob_STKCallback
 *(COMMON)
 COMMON         0x0000000020000084       0x3c MRTOS/src/MRTOS_Scheduler.o
                0x0000000020000084                Global_QueueOfReadyTasks
                0x00000000200000a8                Global_pTasks
 COMMON         0x00000000200000c0        0xd RTE/RTE_Gen/Rte_SWC_DoorState.o
                0x00000000200000c0                ReadDoorState_Runnable_RP_sDoorState_VAR_u8sDoorSensorReading
                0x00000000200000c4                ReadDoorSensor_Runnable_PP_sDoorState_VAR_u8sDoorSensorReading
                0x00000000200000c8                DoorLock_Indicator_Runnable_RP_DoorState_VAR_u8DoorState
                0x00000000200000cc                ReadDoorState_Runnable_PP_DoorState_VAR_u8DoorState
 *fill*         0x00000000200000cd        0x3 
 COMMON         0x00000000200000d0        0x5 RTE/RTE_Gen/Rte_SWC_LED_Actuator.o
                0x00000000200000d0                DoorLock_Indicator_Runnable_PP_LedState_VAR_u8LedState
                0x00000000200000d4                setLedState_Runnable_RP_LedState_VAR_u8LedState
 COMMON         0x00000000200000d5        0x1 Src/STK_program.o
                0x00000000200000d5                STK_u8ModeOfInterval
 *fill*         0x00000000200000d6        0x2 
 COMMON         0x00000000200000d8       0xa8 Src/main.o
                0x00000000200000d8                t3
                0x00000000200000dc                T1_ReadDoorSensor_10MS
                0x0000000020000104                t2
                0x0000000020000105                t4
                0x0000000020000106                t1
                0x0000000020000108                T4_LedState_18MS
                0x0000000020000130                T2_DoorState_12MS
                0x0000000020000158                T3_MainAlgo_15MS
                0x0000000020000180                . = ALIGN (0x4)
                0x0000000020000180                _ebss = .
                0x0000000020000180                __bss_end__ = _ebss

._user_heap_stack
                0x0000000020000180      0x600 load address 0x0000000008001380
                0x0000000020000180                . = ALIGN (0x8)
                [!provide]                        PROVIDE (end = .)
                [!provide]                        PROVIDE (_end = .)
                0x0000000020000380                . = (. + _Min_Heap_Size)
 *fill*         0x0000000020000180      0x200 
                0x0000000020000380                . = ALIGN (0x8)
                0x0000000020000380                _eheap = .
                0x0000000020000780                . = (. + _Min_Stack_Size)
 *fill*         0x0000000020000380      0x400 
                0x0000000020000780                . = ALIGN (0x8)

/DISCARD/
 libc.a(*)
 libm.a(*)
 libgcc.a(*)

.ARM.attributes
                0x0000000000000000       0x29
 *(.ARM.attributes)
 .ARM.attributes
                0x0000000000000000       0x1d c:/st/stm32cubeide_1.4.0/stm32cubeide/plugins/com.st.stm32cube.ide.mcu.externaltools.gnu-tools-for-stm32.7-2018-q2-update.win32_1.4.0.202007081208/tools/bin/../lib/gcc/arm-none-eabi/7.3.1/thumb/v7-m/crti.o
 .ARM.attributes
                0x000000000000001d       0x2d c:/st/stm32cubeide_1.4.0/stm32cubeide/plugins/com.st.stm32cube.ide.mcu.externaltools.gnu-tools-for-stm32.7-2018-q2-update.win32_1.4.0.202007081208/tools/bin/../lib/gcc/arm-none-eabi/7.3.1/thumb/v7-m/crtbegin.o
 .ARM.attributes
                0x000000000000004a       0x33 MRTOS/src/MRTOS_Porting.o
 .ARM.attributes
                0x000000000000007d       0x33 MRTOS/src/MRTOS_Queue.o
 .ARM.attributes
                0x00000000000000b0       0x33 MRTOS/src/MRTOS_Scheduler.o
 .ARM.attributes
                0x00000000000000e3       0x33 RTE/RTE_Gen/Rte_SWC_DoorLockIndicatorAlgo.o
 .ARM.attributes
                0x0000000000000116       0x33 RTE/RTE_Gen/Rte_SWC_DoorState.o
 .ARM.attributes
                0x0000000000000149       0x33 RTE/RTE_Gen/Rte_SWC_IO_Abstraction.o
 .ARM.attributes
                0x000000000000017c       0x33 RTE/RTE_Gen/Rte_SWC_LED_Actuator.o
 .ARM.attributes
                0x00000000000001af       0x33 SWC_Runnables/SWC_DoorLockIndicatorAlgo.o
 .ARM.attributes
                0x00000000000001e2       0x33 SWC_Runnables/SWC_DoorState.o
 .ARM.attributes
                0x0000000000000215       0x33 SWC_Runnables/SWC_IO_Abstraction.o
 .ARM.attributes
                0x0000000000000248       0x33 SWC_Runnables/SWC_LED_Actuator.o
 .ARM.attributes
                0x000000000000027b       0x33 Src/GPIO_program.o
 .ARM.attributes
                0x00000000000002ae       0x33 Src/PSRC_program.o
 .ARM.attributes
                0x00000000000002e1       0x33 Src/RCC_program.o
 .ARM.attributes
                0x0000000000000314       0x33 Src/SCB_program.o
 .ARM.attributes
                0x0000000000000347       0x33 Src/STK_program.o
 .ARM.attributes
                0x000000000000037a       0x33 Src/main.o
 .ARM.attributes
                0x00000000000003ad       0x21 Startup/startup_stm32f103c6tx.o
 .ARM.attributes
                0x00000000000003ce       0x2d c:/st/stm32cubeide_1.4.0/stm32cubeide/plugins/com.st.stm32cube.ide.mcu.externaltools.gnu-tools-for-stm32.7-2018-q2-update.win32_1.4.0.202007081208/tools/bin/../lib/gcc/arm-none-eabi/7.3.1/../../../../arm-none-eabi/lib/thumb/v7-m\libc_nano.a(lib_a-init.o)
 .ARM.attributes
                0x00000000000003fb       0x1d c:/st/stm32cubeide_1.4.0/stm32cubeide/plugins/com.st.stm32cube.ide.mcu.externaltools.gnu-tools-for-stm32.7-2018-q2-update.win32_1.4.0.202007081208/tools/bin/../lib/gcc/arm-none-eabi/7.3.1/thumb/v7-m/crtn.o
OUTPUT(DoorLock_Indication.axf elf32-littlearm)

.debug_info     0x0000000000000000     0x618e
 .debug_info    0x0000000000000000      0x19c MRTOS/src/MRTOS_Porting.o
 .debug_info    0x000000000000019c      0xc33 MRTOS/src/MRTOS_Queue.o
 .debug_info    0x0000000000000dcf     0x1137 MRTOS/src/MRTOS_Scheduler.o
 .debug_info    0x0000000000001f06      0xab8 RTE/RTE_Gen/Rte_SWC_DoorLockIndicatorAlgo.o
 .debug_info    0x00000000000029be      0xae6 RTE/RTE_Gen/Rte_SWC_DoorState.o
 .debug_info    0x00000000000034a4      0xa83 RTE/RTE_Gen/Rte_SWC_IO_Abstraction.o
 .debug_info    0x0000000000003f27      0xb09 RTE/RTE_Gen/Rte_SWC_LED_Actuator.o
 .debug_info    0x0000000000004a30      0x185 SWC_Runnables/SWC_DoorLockIndicatorAlgo.o
 .debug_info    0x0000000000004bb5      0x15e SWC_Runnables/SWC_DoorState.o
 .debug_info    0x0000000000004d13      0x23a SWC_Runnables/SWC_IO_Abstraction.o
 .debug_info    0x0000000000004f4d      0x141 SWC_Runnables/SWC_LED_Actuator.o
 .debug_info    0x000000000000508e      0x3e5 Src/GPIO_program.o
 .debug_info    0x0000000000005473       0xd8 Src/PSRC_program.o
 .debug_info    0x000000000000554b      0x129 Src/RCC_program.o
 .debug_info    0x0000000000005674      0x199 Src/SCB_program.o
 .debug_info    0x000000000000580d      0x53b Src/STK_program.o
 .debug_info    0x0000000000005d48      0x424 Src/main.o
 .debug_info    0x000000000000616c       0x22 Startup/startup_stm32f103c6tx.o

.debug_abbrev   0x0000000000000000     0x1691
 .debug_abbrev  0x0000000000000000       0xe8 MRTOS/src/MRTOS_Porting.o
 .debug_abbrev  0x00000000000000e8      0x1ca MRTOS/src/MRTOS_Queue.o
 .debug_abbrev  0x00000000000002b2      0x357 MRTOS/src/MRTOS_Scheduler.o
 .debug_abbrev  0x0000000000000609      0x1ae RTE/RTE_Gen/Rte_SWC_DoorLockIndicatorAlgo.o
 .debug_abbrev  0x00000000000007b7      0x1ae RTE/RTE_Gen/Rte_SWC_DoorState.o
 .debug_abbrev  0x0000000000000965      0x1ae RTE/RTE_Gen/Rte_SWC_IO_Abstraction.o
 .debug_abbrev  0x0000000000000b13      0x1d7 RTE/RTE_Gen/Rte_SWC_LED_Actuator.o
 .debug_abbrev  0x0000000000000cea       0xd9 SWC_Runnables/SWC_DoorLockIndicatorAlgo.o
 .debug_abbrev  0x0000000000000dc3       0xc5 SWC_Runnables/SWC_DoorState.o
 .debug_abbrev  0x0000000000000e88      0x11e SWC_Runnables/SWC_IO_Abstraction.o
 .debug_abbrev  0x0000000000000fa6       0xaf SWC_Runnables/SWC_LED_Actuator.o
 .debug_abbrev  0x0000000000001055      0x16c Src/GPIO_program.o
 .debug_abbrev  0x00000000000011c1       0x7d Src/PSRC_program.o
 .debug_abbrev  0x000000000000123e       0x7d Src/RCC_program.o
 .debug_abbrev  0x00000000000012bb       0xdd Src/SCB_program.o
 .debug_abbrev  0x0000000000001398      0x1a9 Src/STK_program.o
 .debug_abbrev  0x0000000000001541      0x13e Src/main.o
 .debug_abbrev  0x000000000000167f       0x12 Startup/startup_stm32f103c6tx.o

.debug_loc      0x0000000000000000     0x1788
 .debug_loc     0x0000000000000000      0x188 MRTOS/src/MRTOS_Porting.o
 .debug_loc     0x0000000000000188      0x170 MRTOS/src/MRTOS_Queue.o
 .debug_loc     0x00000000000002f8      0x3b4 MRTOS/src/MRTOS_Scheduler.o
 .debug_loc     0x00000000000006ac       0xe4 RTE/RTE_Gen/Rte_SWC_DoorLockIndicatorAlgo.o
 .debug_loc     0x0000000000000790       0xe4 RTE/RTE_Gen/Rte_SWC_DoorState.o
 .debug_loc     0x0000000000000874       0xa0 RTE/RTE_Gen/Rte_SWC_IO_Abstraction.o
 .debug_loc     0x0000000000000914       0x94 RTE/RTE_Gen/Rte_SWC_LED_Actuator.o
 .debug_loc     0x00000000000009a8       0x50 SWC_Runnables/SWC_DoorLockIndicatorAlgo.o
 .debug_loc     0x00000000000009f8       0x50 SWC_Runnables/SWC_DoorState.o
 .debug_loc     0x0000000000000a48       0xa0 SWC_Runnables/SWC_IO_Abstraction.o
 .debug_loc     0x0000000000000ae8       0x50 SWC_Runnables/SWC_LED_Actuator.o
 .debug_loc     0x0000000000000b38      0x284 Src/GPIO_program.o
 .debug_loc     0x0000000000000dbc       0xfc Src/RCC_program.o
 .debug_loc     0x0000000000000eb8      0x158 Src/SCB_program.o
 .debug_loc     0x0000000000001010      0x640 Src/STK_program.o
 .debug_loc     0x0000000000001650      0x138 Src/main.o

.debug_aranges  0x0000000000000000      0x448
 .debug_aranges
                0x0000000000000000       0x58 MRTOS/src/MRTOS_Porting.o
 .debug_aranges
                0x0000000000000058       0x38 MRTOS/src/MRTOS_Queue.o
 .debug_aranges
                0x0000000000000090       0x80 MRTOS/src/MRTOS_Scheduler.o
 .debug_aranges
                0x0000000000000110       0x30 RTE/RTE_Gen/Rte_SWC_DoorLockIndicatorAlgo.o
 .debug_aranges
                0x0000000000000140       0x30 RTE/RTE_Gen/Rte_SWC_DoorState.o
 .debug_aranges
                0x0000000000000170       0x28 RTE/RTE_Gen/Rte_SWC_IO_Abstraction.o
 .debug_aranges
                0x0000000000000198       0x28 RTE/RTE_Gen/Rte_SWC_LED_Actuator.o
 .debug_aranges
                0x00000000000001c0       0x20 SWC_Runnables/SWC_DoorLockIndicatorAlgo.o
 .debug_aranges
                0x00000000000001e0       0x20 SWC_Runnables/SWC_DoorState.o
 .debug_aranges
                0x0000000000000200       0x28 SWC_Runnables/SWC_IO_Abstraction.o
 .debug_aranges
                0x0000000000000228       0x20 SWC_Runnables/SWC_LED_Actuator.o
 .debug_aranges
                0x0000000000000248       0x50 Src/GPIO_program.o
 .debug_aranges
                0x0000000000000298       0x20 Src/PSRC_program.o
 .debug_aranges
                0x00000000000002b8       0x30 Src/RCC_program.o
 .debug_aranges
                0x00000000000002e8       0x38 Src/SCB_program.o
 .debug_aranges
                0x0000000000000320       0xb8 Src/STK_program.o
 .debug_aranges
                0x00000000000003d8       0x48 Src/main.o
 .debug_aranges
                0x0000000000000420       0x28 Startup/startup_stm32f103c6tx.o

.debug_ranges   0x0000000000000000      0x330
 .debug_ranges  0x0000000000000000       0x48 MRTOS/src/MRTOS_Porting.o
 .debug_ranges  0x0000000000000048       0x28 MRTOS/src/MRTOS_Queue.o
 .debug_ranges  0x0000000000000070       0x70 MRTOS/src/MRTOS_Scheduler.o
 .debug_ranges  0x00000000000000e0       0x20 RTE/RTE_Gen/Rte_SWC_DoorLockIndicatorAlgo.o
 .debug_ranges  0x0000000000000100       0x20 RTE/RTE_Gen/Rte_SWC_DoorState.o
 .debug_ranges  0x0000000000000120       0x18 RTE/RTE_Gen/Rte_SWC_IO_Abstraction.o
 .debug_ranges  0x0000000000000138       0x18 RTE/RTE_Gen/Rte_SWC_LED_Actuator.o
 .debug_ranges  0x0000000000000150       0x10 SWC_Runnables/SWC_DoorLockIndicatorAlgo.o
 .debug_ranges  0x0000000000000160       0x10 SWC_Runnables/SWC_DoorState.o
 .debug_ranges  0x0000000000000170       0x18 SWC_Runnables/SWC_IO_Abstraction.o
 .debug_ranges  0x0000000000000188       0x10 SWC_Runnables/SWC_LED_Actuator.o
 .debug_ranges  0x0000000000000198       0x40 Src/GPIO_program.o
 .debug_ranges  0x00000000000001d8       0x10 Src/PSRC_program.o
 .debug_ranges  0x00000000000001e8       0x20 Src/RCC_program.o
 .debug_ranges  0x0000000000000208       0x28 Src/SCB_program.o
 .debug_ranges  0x0000000000000230       0xa8 Src/STK_program.o
 .debug_ranges  0x00000000000002d8       0x38 Src/main.o
 .debug_ranges  0x0000000000000310       0x20 Startup/startup_stm32f103c6tx.o

.debug_macro    0x0000000000000000     0x37df
 .debug_macro   0x0000000000000000       0xf0 MRTOS/src/MRTOS_Porting.o
 .debug_macro   0x00000000000000f0      0xa60 MRTOS/src/MRTOS_Porting.o
 .debug_macro   0x0000000000000b50       0x22 MRTOS/src/MRTOS_Porting.o
 .debug_macro   0x0000000000000b72       0x22 MRTOS/src/MRTOS_Porting.o
 .debug_macro   0x0000000000000b94       0x8e MRTOS/src/MRTOS_Porting.o
 .debug_macro   0x0000000000000c22       0x51 MRTOS/src/MRTOS_Porting.o
 .debug_macro   0x0000000000000c73       0xef MRTOS/src/MRTOS_Porting.o
 .debug_macro   0x0000000000000d62       0x6a MRTOS/src/MRTOS_Porting.o
 .debug_macro   0x0000000000000dcc      0x1df MRTOS/src/MRTOS_Porting.o
 .debug_macro   0x0000000000000fab       0x22 MRTOS/src/MRTOS_Porting.o
 .debug_macro   0x0000000000000fcd       0x82 MRTOS/src/MRTOS_Porting.o
 .debug_macro   0x000000000000104f       0x22 MRTOS/src/MRTOS_Porting.o
 .debug_macro   0x0000000000001071       0x52 MRTOS/src/MRTOS_Porting.o
 .debug_macro   0x00000000000010c3       0x16 MRTOS/src/MRTOS_Porting.o
 .debug_macro   0x00000000000010d9       0x16 MRTOS/src/MRTOS_Porting.o
 .debug_macro   0x00000000000010ef       0x34 MRTOS/src/MRTOS_Porting.o
 .debug_macro   0x0000000000001123      0x263 MRTOS/src/MRTOS_Queue.o
 .debug_macro   0x0000000000001386       0x40 MRTOS/src/MRTOS_Queue.o
 .debug_macro   0x00000000000013c6       0x18 MRTOS/src/MRTOS_Queue.o
 .debug_macro   0x00000000000013de       0x94 MRTOS/src/MRTOS_Queue.o
 .debug_macro   0x0000000000001472       0x3c MRTOS/src/MRTOS_Queue.o
 .debug_macro   0x00000000000014ae       0x34 MRTOS/src/MRTOS_Queue.o
 .debug_macro   0x00000000000014e2       0x16 MRTOS/src/MRTOS_Queue.o
 .debug_macro   0x00000000000014f8       0x57 MRTOS/src/MRTOS_Queue.o
 .debug_macro   0x000000000000154f       0x97 MRTOS/src/MRTOS_Queue.o
 .debug_macro   0x00000000000015e6      0x330 MRTOS/src/MRTOS_Queue.o
 .debug_macro   0x0000000000001916       0xfd MRTOS/src/MRTOS_Queue.o
 .debug_macro   0x0000000000001a13       0x10 MRTOS/src/MRTOS_Queue.o
 .debug_macro   0x0000000000001a23       0x52 MRTOS/src/MRTOS_Queue.o
 .debug_macro   0x0000000000001a75       0x1f MRTOS/src/MRTOS_Queue.o
 .debug_macro   0x0000000000001a94       0x43 MRTOS/src/MRTOS_Queue.o
 .debug_macro   0x0000000000001ad7       0x20 MRTOS/src/MRTOS_Queue.o
 .debug_macro   0x0000000000001af7      0x1a3 MRTOS/src/MRTOS_Queue.o
 .debug_macro   0x0000000000001c9a       0x10 MRTOS/src/MRTOS_Queue.o
 .debug_macro   0x0000000000001caa       0x1c MRTOS/src/MRTOS_Queue.o
 .debug_macro   0x0000000000001cc6       0x52 MRTOS/src/MRTOS_Queue.o
 .debug_macro   0x0000000000001d18       0x40 MRTOS/src/MRTOS_Queue.o
 .debug_macro   0x0000000000001d58       0x10 MRTOS/src/MRTOS_Queue.o
 .debug_macro   0x0000000000001d68       0x40 MRTOS/src/MRTOS_Queue.o
 .debug_macro   0x0000000000001da8       0xd7 MRTOS/src/MRTOS_Queue.o
 .debug_macro   0x0000000000001e7f       0x1c MRTOS/src/MRTOS_Queue.o
 .debug_macro   0x0000000000001e9b       0x3d MRTOS/src/MRTOS_Queue.o
 .debug_macro   0x0000000000001ed8       0x16 MRTOS/src/MRTOS_Queue.o
 .debug_macro   0x0000000000001eee      0x145 MRTOS/src/MRTOS_Queue.o
 .debug_macro   0x0000000000002033       0x7c MRTOS/src/MRTOS_Queue.o
 .debug_macro   0x00000000000020af       0x10 MRTOS/src/MRTOS_Queue.o
 .debug_macro   0x00000000000020bf      0x2aa MRTOS/src/MRTOS_Scheduler.o
 .debug_macro   0x0000000000002369       0x46 MRTOS/src/MRTOS_Scheduler.o
 .debug_macro   0x00000000000023af      0x18b RTE/RTE_Gen/Rte_SWC_DoorLockIndicatorAlgo.o
 .debug_macro   0x000000000000253a      0x174 RTE/RTE_Gen/Rte_SWC_DoorLockIndicatorAlgo.o
 .debug_macro   0x00000000000026ae       0x10 RTE/RTE_Gen/Rte_SWC_DoorLockIndicatorAlgo.o
 .debug_macro   0x00000000000026be       0x35 RTE/RTE_Gen/Rte_SWC_DoorLockIndicatorAlgo.o
 .debug_macro   0x00000000000026f3       0x20 RTE/RTE_Gen/Rte_SWC_DoorLockIndicatorAlgo.o
 .debug_macro   0x0000000000002713       0x7c RTE/RTE_Gen/Rte_SWC_DoorLockIndicatorAlgo.o
 .debug_macro   0x000000000000278f       0x40 RTE/RTE_Gen/Rte_SWC_DoorLockIndicatorAlgo.o
 .debug_macro   0x00000000000027cf       0x10 RTE/RTE_Gen/Rte_SWC_DoorLockIndicatorAlgo.o
 .debug_macro   0x00000000000027df       0x16 RTE/RTE_Gen/Rte_SWC_DoorLockIndicatorAlgo.o
 .debug_macro   0x00000000000027f5      0x18b RTE/RTE_Gen/Rte_SWC_DoorState.o
 .debug_macro   0x0000000000002980       0x10 RTE/RTE_Gen/Rte_SWC_DoorState.o
 .debug_macro   0x0000000000002990       0x16 RTE/RTE_Gen/Rte_SWC_DoorState.o
 .debug_macro   0x00000000000029a6      0x18b RTE/RTE_Gen/Rte_SWC_IO_Abstraction.o
 .debug_macro   0x0000000000002b31       0x10 RTE/RTE_Gen/Rte_SWC_IO_Abstraction.o
 .debug_macro   0x0000000000002b41       0x1c RTE/RTE_Gen/Rte_SWC_IO_Abstraction.o
 .debug_macro   0x0000000000002b5d      0x18b RTE/RTE_Gen/Rte_SWC_LED_Actuator.o
 .debug_macro   0x0000000000002ce8       0x10 RTE/RTE_Gen/Rte_SWC_LED_Actuator.o
 .debug_macro   0x0000000000002cf8       0x1c RTE/RTE_Gen/Rte_SWC_LED_Actuator.o
 .debug_macro   0x0000000000002d14       0xe3 SWC_Runnables/SWC_DoorLockIndicatorAlgo.o
 .debug_macro   0x0000000000002df7       0x82 SWC_Runnables/SWC_DoorLockIndicatorAlgo.o
 .debug_macro   0x0000000000002e79       0xcb SWC_Runnables/SWC_DoorState.o
 .debug_macro   0x0000000000002f44       0xec SWC_Runnables/SWC_IO_Abstraction.o
 .debug_macro   0x0000000000003030       0xcb SWC_Runnables/SWC_LED_Actuator.o
 .debug_macro   0x00000000000030fb       0xcc Src/GPIO_program.o
 .debug_macro   0x00000000000031c7       0x5e Src/GPIO_program.o
 .debug_macro   0x0000000000003225       0x2e Src/GPIO_program.o
 .debug_macro   0x0000000000003253       0xba Src/PSRC_program.o
 .debug_macro   0x000000000000330d       0xc2 Src/RCC_program.o
 .debug_macro   0x00000000000033cf       0x16 Src/RCC_program.o
 .debug_macro   0x00000000000033e5       0x7c Src/RCC_program.o
 .debug_macro   0x0000000000003461       0x10 Src/RCC_program.o
 .debug_macro   0x0000000000003471       0xd3 Src/SCB_program.o
 .debug_macro   0x0000000000003544       0x64 Src/SCB_program.o
 .debug_macro   0x00000000000035a8       0xc1 Src/STK_program.o
 .debug_macro   0x0000000000003669       0x16 Src/STK_program.o
 .debug_macro   0x000000000000367f       0x34 Src/STK_program.o
 .debug_macro   0x00000000000036b3      0x12c Src/main.o

.debug_line     0x0000000000000000     0x61c6
 .debug_line    0x0000000000000000      0x55a MRTOS/src/MRTOS_Porting.o
 .debug_line    0x000000000000055a      0x7a3 MRTOS/src/MRTOS_Queue.o
 .debug_line    0x0000000000000cfd      0x902 MRTOS/src/MRTOS_Scheduler.o
 .debug_line    0x00000000000015ff      0x61d RTE/RTE_Gen/Rte_SWC_DoorLockIndicatorAlgo.o
 .debug_line    0x0000000000001c1c      0x5f9 RTE/RTE_Gen/Rte_SWC_DoorState.o
 .debug_line    0x0000000000002215      0x5f7 RTE/RTE_Gen/Rte_SWC_IO_Abstraction.o
 .debug_line    0x000000000000280c      0x5f5 RTE/RTE_Gen/Rte_SWC_LED_Actuator.o
 .debug_line    0x0000000000002e01      0x4f0 SWC_Runnables/SWC_DoorLockIndicatorAlgo.o
 .debug_line    0x00000000000032f1      0x4c3 SWC_Runnables/SWC_DoorState.o
 .debug_line    0x00000000000037b4      0x4f6 SWC_Runnables/SWC_IO_Abstraction.o
 .debug_line    0x0000000000003caa      0x4cc SWC_Runnables/SWC_LED_Actuator.o
 .debug_line    0x0000000000004176      0x5d8 Src/GPIO_program.o
 .debug_line    0x000000000000474e      0x46b Src/PSRC_program.o
 .debug_line    0x0000000000004bb9      0x49f Src/RCC_program.o
 .debug_line    0x0000000000005058      0x4ae Src/SCB_program.o
 .debug_line    0x0000000000005506      0x627 Src/STK_program.o
 .debug_line    0x0000000000005b2d      0x615 Src/main.o
 .debug_line    0x0000000000006142       0x84 Startup/startup_stm32f103c6tx.o

.debug_str      0x0000000000000000     0xb177
 .debug_str     0x0000000000000000     0x43e5 MRTOS/src/MRTOS_Porting.o
                                       0x4568 (size before relaxing)
 .debug_str     0x00000000000043e5     0x4560 MRTOS/src/MRTOS_Queue.o
                                       0x8a01 (size before relaxing)
 .debug_str     0x0000000000008945      0x5e7 MRTOS/src/MRTOS_Scheduler.o
                                       0x9062 (size before relaxing)
 .debug_str     0x0000000000008f2c      0x57d RTE/RTE_Gen/Rte_SWC_DoorLockIndicatorAlgo.o
                                       0x795f (size before relaxing)
 .debug_str     0x00000000000094a9      0x363 RTE/RTE_Gen/Rte_SWC_DoorState.o
                                       0x7947 (size before relaxing)
 .debug_str     0x000000000000980c      0x346 RTE/RTE_Gen/Rte_SWC_IO_Abstraction.o
                                       0x7888 (size before relaxing)
 .debug_str     0x0000000000009b52      0x313 RTE/RTE_Gen/Rte_SWC_LED_Actuator.o
                                       0x78cb (size before relaxing)
 .debug_str     0x0000000000009e65       0xa0 SWC_Runnables/SWC_DoorLockIndicatorAlgo.o
                                       0x460b (size before relaxing)
 .debug_str     0x0000000000009f05       0x4c SWC_Runnables/SWC_DoorState.o
                                       0x4572 (size before relaxing)
 .debug_str     0x0000000000009f51       0xfb SWC_Runnables/SWC_IO_Abstraction.o
                                       0x4685 (size before relaxing)
 .debug_str     0x000000000000a04c       0x4b SWC_Runnables/SWC_LED_Actuator.o
                                       0x4470 (size before relaxing)
 .debug_str     0x000000000000a097      0x432 Src/GPIO_program.o
                                       0x46d9 (size before relaxing)
 .debug_str     0x000000000000a4c9       0x71 Src/PSRC_program.o
                                       0x42e7 (size before relaxing)
 .debug_str     0x000000000000a53a      0x292 Src/RCC_program.o
                                       0x4433 (size before relaxing)
 .debug_str     0x000000000000a7cc      0x45e Src/SCB_program.o
                                       0x46cb (size before relaxing)
 .debug_str     0x000000000000ac2a      0x436 Src/STK_program.o
                                       0x469d (size before relaxing)
 .debug_str     0x000000000000b060       0xe6 Src/main.o
                                       0x4a19 (size before relaxing)
 .debug_str     0x000000000000b146       0x31 Startup/startup_stm32f103c6tx.o
                                         0x78 (size before relaxing)

.comment        0x0000000000000000       0x7b
 .comment       0x0000000000000000       0x7b MRTOS/src/MRTOS_Porting.o
                                         0x7c (size before relaxing)
 .comment       0x000000000000007b       0x7c MRTOS/src/MRTOS_Queue.o
 .comment       0x000000000000007b       0x7c MRTOS/src/MRTOS_Scheduler.o
 .comment       0x000000000000007b       0x7c RTE/RTE_Gen/Rte_SWC_DoorLockIndicatorAlgo.o
 .comment       0x000000000000007b       0x7c RTE/RTE_Gen/Rte_SWC_DoorState.o
 .comment       0x000000000000007b       0x7c RTE/RTE_Gen/Rte_SWC_IO_Abstraction.o
 .comment       0x000000000000007b       0x7c RTE/RTE_Gen/Rte_SWC_LED_Actuator.o
 .comment       0x000000000000007b       0x7c SWC_Runnables/SWC_DoorLockIndicatorAlgo.o
 .comment       0x000000000000007b       0x7c SWC_Runnables/SWC_DoorState.o
 .comment       0x000000000000007b       0x7c SWC_Runnables/SWC_IO_Abstraction.o
 .comment       0x000000000000007b       0x7c SWC_Runnables/SWC_LED_Actuator.o
 .comment       0x000000000000007b       0x7c Src/GPIO_program.o
 .comment       0x000000000000007b       0x7c Src/PSRC_program.o
 .comment       0x000000000000007b       0x7c Src/RCC_program.o
 .comment       0x000000000000007b       0x7c Src/SCB_program.o
 .comment       0x000000000000007b       0x7c Src/STK_program.o
 .comment       0x000000000000007b       0x7c Src/main.o

.debug_frame    0x0000000000000000      0xc40
 .debug_frame   0x0000000000000000       0xe8 MRTOS/src/MRTOS_Porting.o
 .debug_frame   0x00000000000000e8       0xb0 MRTOS/src/MRTOS_Queue.o
 .debug_frame   0x0000000000000198      0x1cc MRTOS/src/MRTOS_Scheduler.o
 .debug_frame   0x0000000000000364       0x78 RTE/RTE_Gen/Rte_SWC_DoorLockIndicatorAlgo.o
 .debug_frame   0x00000000000003dc       0x78 RTE/RTE_Gen/Rte_SWC_DoorState.o
 .debug_frame   0x0000000000000454       0x58 RTE/RTE_Gen/Rte_SWC_IO_Abstraction.o
 .debug_frame   0x00000000000004ac       0x54 RTE/RTE_Gen/Rte_SWC_LED_Actuator.o
 .debug_frame   0x0000000000000500       0x34 SWC_Runnables/SWC_DoorLockIndicatorAlgo.o
 .debug_frame   0x0000000000000534       0x34 SWC_Runnables/SWC_DoorState.o
 .debug_frame   0x0000000000000568       0x58 SWC_Runnables/SWC_IO_Abstraction.o
 .debug_frame   0x00000000000005c0       0x34 SWC_Runnables/SWC_LED_Actuator.o
 .debug_frame   0x00000000000005f4      0x128 Src/GPIO_program.o
 .debug_frame   0x000000000000071c       0x20 Src/PSRC_program.o
 .debug_frame   0x000000000000073c       0x80 Src/RCC_program.o
 .debug_frame   0x00000000000007bc       0xa8 Src/SCB_program.o
 .debug_frame   0x0000000000000864      0x2ec Src/STK_program.o
 .debug_frame   0x0000000000000b50       0xc4 Src/main.o
 .debug_frame   0x0000000000000c14       0x2c c:/st/stm32cubeide_1.4.0/stm32cubeide/plugins/com.st.stm32cube.ide.mcu.externaltools.gnu-tools-for-stm32.7-2018-q2-update.win32_1.4.0.202007081208/tools/bin/../lib/gcc/arm-none-eabi/7.3.1/../../../../arm-none-eabi/lib/thumb/v7-m\libc_nano.a(lib_a-init.o)
